// Jest Snapshot v1, https://goo.gl/fbAQLP

exports[`List Item Layout horizontal itemLayout List should accept extra node 1`] = `
<div
  class="infini-list infini-list-split"
>
  <div
    class="infini-spin-nested-loading"
  >
    <div
      class="infini-spin-container"
    >
      <div
        class="infini-list-item"
      >
        <div
          class="infini-list-item-meta"
        >
          <div
            class="infini-list-item-meta-content"
          >
            <h4
              class="infini-list-item-meta-title"
            >
              <a
                href="http://ant.design"
              >
                ant design
              </a>
            </h4>
            <div
              class="infini-list-item-meta-description"
            >
              Ant Design, a design language for background applications, is refined by Ant UED Team.
            </div>
          </div>
        </div>
        <ul
          class="infini-list-item-action"
        >
          <li>
            <a>
              Action
            </a>
          </li>
        </ul>
        <span>
          extra
        </span>
      </div>
    </div>
  </div>
</div>
`;
